polimérisasi	polymerization
laktosa	lactose
spérma	spermatozoon
babakaur	centipede
téhnologi	technology
biologi	biology
awan	cloud
hidrogén	hydrogen
aldehida	aldehyde
makromolekul	macromolecule
manuk	bird
pindah	sentence
prasasti	stele
chordata	chordate
tando	colugo
és	ice
muncang	candlenut
antipartikel	antiparticle
polisakarida	polysaccharide
alkuna	alkyne
gebang	corypha
pulo	island
purwakanti	alliteration
suhu	temperature
kuman	pathogen
hateup	roof
sirah	head
kubes	cube
peusing	pangolin
titinggi	millipede
antioksidan	antioxidant
baranahan	reproduction
fétus	fetus
ati	liver
incuing	cuckoo
aci	starch
métabolisme	metabolism
réptil	reptile
tai	feces
cocopét	earwig
beurit	mouse
baktéri	bacteria
éléktromagnétisme	electromagnetism
kriolit	cryolite
landak	erinaceidae
éléktroforésis	electrophoresis
séng	zinc
partikel	particle
lemak	fat
astrofisika	astrophysics
frékuénsi	frequency
ékonométri	econometrics
akselerasi	acceleration
ampibi	amphibian
késang	perspiration
uap	vapor
moméntum	momentum
perméabilitas	permeability
surélék	e-mail
ékstrapolasi	extrapolation
sél	cell
éléktrokimia	electrochemistry
fosil	fossil
kertas	paper
selulosa	cellulose
warna	color
gravitasi	gravitation
menit	minute
nuklir	nuclear
tangkorak	skull
tarum	indigofera
hirup	life
hanaang	thirst
sato	animal
alkéna	alkene
éster	ester
cacai	liquid
péntosa	pentose
féromon	pheromone
pangan	food
lini	earthquake
fase	phase
hoé	rattan
panas	heat
aérosol	aerosol
tumbila	bedbug
sora	sound
barométer	barometer
vertebrata	vertebrate
éléktron	electron
fértilisasi	fertilisation
béntang	star
stéroid	steroid
téktonik	tectonics
teluk	bay
tekenan	pressure
kérsen	muntingia
galura	turbulence
sireum	ant
spéktroskopi	spectroscopy
listrik	electricity
balok	cuboid
gula	sugar
burih	stomach
kloaka	cloaca
uteuk	brain
walirang	sulfur
huntu	tooth
kalori	calorie
curug	waterfall
glisin	glycine
hidrolisis	hydrolysis
papatong	dragonfly
sagara	sea
élmu	science
