represent	represent,
kahirupan	life,
tasikmalaya	tasikmalaya,
diplomacy	diplomacy,
hijihiji	one by one,
déwata	dewata,
resistance	resistance,
sistematik	systematic,
ismail	ismail,
difraksi	diffraction,
brunéi	brunei,
follow	folliw,
sumbersumber	sources,
ngadatangan	to visit,
seni	art,
konsépkonsép	concepts,
indonésia	indonesia,
concerned	concerned,
ali	ali,
propinsi	province,
send	send,
lumaku	proceed,
edward	edward,
lumangsungna	formation,
antiderivatives	antiderivatives,
kapur	lime,
hinduism	hinduisme,
ngahijikeun	to unify,
beuheung	collar,
jakob	jkob,
probe	probe,
konduktor	conductor,
ibrahim	ibrahim,
edo	edo,
katurunan	heredity,
facebook	facebook,
landak	hedgehog,
reforms	reforms,
cook	cook,
ngamalir	flowing; pouring,flowing,
exact	tepat,
tingal	live,
trigger	trigger,
mothers	mothers,
gender	gender,
kiblat	mecca,
standards	standards,
konteks	context,
kawasa	ability,
jérmanik	germany,
sakabéh	all,
programme	programme,
siga	like,
olympic	olimpiade,
sadana	voice,
andor	jeung atawa,
kabéhanana	all of them,
ngaran	name,
ngarah	leads,
prevents	prevents,
sulfida	sulfide,
street	street,
kérod	wrinkled,
panggung	stage,
titik	point,
air	air,
teu	no,
wilson	wilson,
blue	blue,
nyéta	is,
bengal	bengal,
inohong	character,
kaén	fabric,
padalisan	one line of verse,
quran	qur'an,
jompong	jompong,
diucapkeun	diucapkeun,
lee	lee,
éndoplasma	éndoplasma,
kami	i,
meh	almost,
antawacana	antawacana,
bagianbagian	part,
expansion	expansion,
separation	separation,
nyebut	mention,
equations	equations,
bareuh	swelling,
beban	load,
involved	involved,
conto	for example,
allows	allows,
controversy	kontroversi,
private	private,
survey	survey,
lalawanan	contrast,
implement	implement,
periodik	periodic,
patents	patents,
tu	it,
addresses	alamat-alamat,
norse	norse,
marked	nandaan,
young	young,
jangjawokan	mantra,
katingali	look,
austria	austria,
pyongyang	pyongyang,
prokaryotes	prokaryotes,
geologi	geology,
kandaraan	vehicle,
unggal	every,
hargana	that price,
lampung	lampung,
manufacturing	manufacture the things,
metropolitan	metropolitan the transport,
pamakean	usage,
surawisésa	surawisesa,
kapentingan	interest,
saka	from,
saraf	nerve,
program	program,
telegraph	telegraph,
ngamangpaatkeun	utilize,
prajurit	soldier,
sarat	full,
militér	miltary,
hockey	hockey,
conductor	conductor,
luas	area,
alesan	reasons,
coating	coating,
envelope	envelope,
flag	flag,
sora	sound,
kulon	west,
employed	dipekerjakeun,
baby	women's baby the infant,
subang	subang,
aligned	aligned,
banjir	flood,
balaréa	balaréa,
kelapa	kelapa,
marsupial	marsupial,
states	states,
ma	but,
arang	coal,
diwatesan	border,
taun	year,
perjuangan	struggle,
katoda	cathode,
pantes	feasible,
cai	water,
sansakerta	sanskrit,
temperatures	temperatures,
ernest	ernest,
ngaleungitkeun	to eliminate,
sumber	source,
bagéan	bagéan,
administratif	administrative,
ardiwinata	ardiwinata,
diserep	absorbed,
uap	saab,
mataram	name of region,
tax	tax,
ngarojong	to hamper,
crick	crick,
ratios	ratios,
mendapat	get,
pangréduksi	pangréduksi,
mungkin	possible,
tan	no,
counting	counting,
hydrogen	hidrogen,
varied	mariasi,
carriers	carriers,
réproduktif	reproductive,
conversely	i know sundanese language,
hugh	hugh,
feature	feature,
justru	precisely,
toxik	toxic,
brian	brian,
ngukur	measure,
games	games,
adjacent	adjacent,
hormones	hormones,
ngalaman	nagalaman,
kalolobaan	the most of,
map	map,
deuih	again,more,
plans	plans,
modulation	modulation,
waters	waters,
variant	variant,
ngasupkeun	insert,
pitapita	ribbons,
kalimah	sentence,
lot	jauh,
whilst	whilst,
osilasi	oscillation,
suci	holy,
ngangkat	to lift,
grow	grow,
types	rupa-rupa,
gaining	gaining,
hayang	would,
tegal	tegal,
kloning	cloning,
geréja	church,
kategoriagustus	catogary: august,
dki	dki,
perbandingan	comparison,
tulis	writing,
kabutuhan	necessity,
oksidatif	oxidative,
dakuten	punctuation,
dream	dream,
order	order,
talk	talk,
alkéna	alkenes,
mahabharata	mahabharata,
nyanghareupan	encounter,
ahli	expert,
lokatif	locative,
bungsu	youngest,
papasingan	papasingan,
damage	damage,
logam	metal,
akademik	akademik,
nitrogen	nitrogén,
kadangkadang	sometimes,
manehna	he/she,
islam	islam,
caucasus	kaukasus,
astronomers	astronomers,
rohang	room,
group	grup,
hemiechinus	hemiechinus,
mencari	to look for,
kabéh	all,
ékonomi	economy,
coordinates	coordinates,
actually	actually,
persemakmuran	commonwealth,
bermuda	bermuda,
bypass	bypass,
orange	orange,
buhun	ancient,
hijian	unit,
texas	texas,
dicampur	mixed,
banu	banu,
physicians	physicians,
kinétik	kinetic,
orthodox	orthodox,
lilalila	finally,
inti	inti,
nada	tone,
practice	practice,
rélatif	relative,
sarana	facility,
primary	primary,
records	records,
jangka	period,
prakték	practice,
genuine	genuine,
tourism	tourism,
silver	silver,
samasakali	at all,
proses	process,
ngalegaan	expand,
airports	bandara,
pingpinan	leader,
james	james,
l	l,
ipis	thin,
asupan	asupan,
saré	sleep,
gagak	crow,
bond	beungkeutan,
kamus	dictionary,
studios	studios,
financial	financial,
liga	league,
mibanda	to have,
energy	energy,
fisi	fission,
principles	principles,
lisénsi	license,
karét	gum,
lippo	lippo,
sakapeung	sometimes,
cianjuran	cianjuran,
jalu	male,
seperti	like,
psychology	psychology,
ngeureunkeun	enable,
sawala	sawala,
re	re,
etymology	etymology,
messenger	messenger,
coba	coba,
emerged	emerged,
dutch	dutch,
batara	batara,
occurs	occurs,
sarikat	united,
gangas	malignant,
theory	theory,
koropak	koropak,
dumasar	be based,
retrieved	i know sundanese language,
kategorikalurahandésa	category : village,
kotakota	city-city,
strata	level,
irung	nose,
california	california,
diadegkeun	established,
natrium	sodium,
byte	byte,
cara	way,
inductive	inductive,
resistors	resistor,
definition	i know sundanese language,
training	training,
generasi	generation,
pagawé	worker,
ritual	ritual,
organik	organic,
keep	keep,
saukuran	saukuran,
ionik	ionic,
kapang	mold,
consequence	consequence,
polimér	polymer,
+=	+=,
laboratorium	laboratory,
administrasi	administration,
sékundér	secondary,
internét	internet,
suffix	suffix,
dina	on,
encoding	encoding,
gé	also,
weda	weda,
wawatesan	border,
declared	declared,
such	such,
factbook	factbook,
ngadegna	i know sundanese language,
kanada	canada,
system	system,
polandia	polandia,
poto	poto,picture,
their	maranehna,
kerja	kerja,
passed	passed,
bitu	voice,
goréng	bad,
kapangaruhan	affected,
irigasi	irrigation,
akal	minds,
séks	sex,
ambéh	i know sundanese language,
anggotana	members,
halida	halides,
analisa	analysis,
ayangayang	shadow,
katelah	called,
masjid	mosque,
mikrobiologi	microbiology,
cultures	cultures,
konservasi	conversation,
than	than,
tilar	leave,
tibatan	than,
paéh	to die,
sitosol	cytoplasm,
require	require,
orgasme	orgasm,
enabled	enabled,
transferred	transferred,
preparation	preparation,
ohms	ohms,
satria	knight,
néangan	look for,
pasagi	square,
dataran	dataran,
perjangjian	agreement,
angel	angel,
julian	julian,
ages	ages,
spectrum	spectrum,
kariaan	celebration,
nyusun	set,
tatakrama	etiquette,
nerangkeun	explain,
vulnerable	vulnerable,
gurun	desert,
nikola	nikola,
mountainous	mountainous,
catur	chess,
harper	harper,
able	tiasa,
switch	switch,
leakage	leakage,
geuning	it turns out,
sciences	sciences,
dingaranan	called,
which	which,
epsilon	epsilon,
dipigunakeun	be used,
nétral	neutral,
narajang	to attact,
province	province,
aspek	aspect,
bayah	lungs,
tobacco	tobacco,
invertebrata	invertebrate,
jst	just,
awi	bamboo,
successive	teterusan,
watt	watt,
nonpolar	non-polar,
tinggi	high,
maria	name of people,
saarah	one-way,
panungtung	vowel,
dipilih	chosen,
renal	renal,
samemehna	samemehna,
baraya	brother/sister,
later	later,
mundinglaya	mundinglaya,
drive	drive,
hidrolisis	hydrolysis,
minuhan	to fill,
walikota	mayor,
points	points,
gliserol	malignant,
pharmacists	pharmacists,
institutions	institutions,
inang	host,
gain	gain,
perceptions	perceptions,
lewis	lewis,
palabuan	harbor,
supported	didukung,
teori	theory,
codomain	codomain,
fine	fine,
surabaya	surabaya,
nyoba	try,
nois	noise,
kacamatan	sub-district,
jay	jay,
lolobana	lolobana,
kategorimétabolisme	kategorimetabolisme,
bisnis	business,
pemerintah	government,
akar	root,
diwangun	built,
aing	you,
kaler	north,
ahiran	suffix,
sésa	residual,
lingkunganana	environment,
pulopulo	pulopulp,
rajana	the kings,
communist	communist,
pakét	packet,
disiplin	discipline,
selandia	zealand,
his	his,
sintésis	synthesis,
otonomi	autonomy,
indungna	parent,
ngajar	teach,
cuaca	weather,
gulungan	scroll,
kalah	instead,
despite	despite,
kaasup	belong to,
engang	engang (bee),
resource	resource,
kimia	chemistry,
haku	haku,
fields	fields,
féstival	festival,
wisata	tour,
durma	durma,
jfet	jfet,
linguist	linguist,
bulgaria	bulgaria,
subatomik	subatomic,
europe	europe,
fricative	fricative,
pancala	pancala,
positip	positive,
observed	observation,
handapna	under,
box^	box^,
operated	operated,
rebo	wednesday,
subject	subject,
combustion	kahuruan,
abadi	immortal,
mekar	to increase,
halleys	halley's,
federal	federal,
dadagangan	goods,
sabalikna	otherwise,
its	its,
kaagamaan	religious,
various	rupa-rupa,
dadasar	based on,
membrane	i know sundanese language,
crude	crude,
import	impor,
ngobrol	chatting,
conditions	conditions,
awan	cloud,
jumat	friday,
mekah	mecca,
ngeja	spelling,
 °f	fahrenhite temperature,
nationwide	nationwide,
complementary	komplementari,
optis	optis,
ju	ju,
jp	jp,
ékologi	ecology,
dibikeun	provide,
pébruari	february,
gaduh	to have,
come	come,
nikotin	nicotine,
received	received,
climate	climate,
paradigms	paradigms,
aristotles	aristotles,
balukarna	because,
roman	roman,
jo	jo,
streams	streams,
layanan	service,
wajib	compulsory,
semitic	basa semit,
adapted	adapted,
comes	comes,
nutup	close,
punclut	mountain top,hill,
bébédaan	mostly,
bell	bell,
color	warna,
kalénder	calender,
kesehatan	healthy,
proton	proton,
cd	cd,
jurus	moment,
dahar	eat,
kabuto	kabuto,
church	church,
cs	cs,
kalapa	coconut,
throughout	throughout,
hortikultura	horticulture,
panjangna	length,
évolusionér	evolutionary,
san	san,
peré	peré,
pp	pp,
mara	mara,
basis	dasar,
daratan	land,
pedaran	discussion,paper,
nusalarang	nusalarang,
campuran	mixture,
bbc	bbc,
quickly	quickly,
jukut	grass,
solobong	elliptical cavities,
cirebon	cirebon,
pangarang	writer,
gland	gland,
generating	generating,
kaom	pilgrims,
muara	estuary,
pertarungan	fight,
nilep	fold,
dipiwanoh	considered,
dibungkus	wrapped,
craft	craft,
raket	rocket,
liver	liver,
prangrang	war,
kusabab	because,
former	former,
illustration	illustration,
tegangan	tension,
bengkulu	bengkulu,
sitem	cant understand,
gnu	gnu,
mount	mount,
originate	asalna,
katambah	added,
suppose	suppose,
urutan	sequence,
baratawarsa	india,baratawarsa,
alchemist	alchemist,
diganti	changed,
disebutna	called,
prolog	prologue,
va	volt-ampere,
kuloneun	west,
mimiti	mimiti,
aténuasi	attenuation,
séwangséwangan	each,
pancaran	emission,
rahim	uterus,
ii	ii,
burundi	burundi,
sahara	sahara,
wujudna	appearance,
technology	technology,
movements	movements,
cerna	digested,
kasohor	famous,
dikembangkeun	developed,
pay	pay,
sakabehna	all,
andaman	andaman,
speaker	speaker,
chromosome	chromosome,
maluruh	maluruh,
plates	pelat,
document	dokumén,
jenis	type,
pasukan	troops,
fairly	cukup,
killer	killer,
réagen	reagent,
theodore	theodore,
drives	mengobah,
barata	barata,
holidays	liburan,
transceiver	transceiver,
user	user,
banten	banten,
comet	comet,
lila	long,
ambuna	its smell,
kabisa	ability,
disebut	disebut,
junun	carefully,
wewengkon	region,
mention	mention,
pagunungan	mountains,
jarah	pilgrimage,
beurat	beurat,
hususon	hususon,
davis	davis,
analysis	analisis,
sajarah	sajarah,
patterns	patterns,
costs	waragad,
ngarasakeun	to feel,
roma	rome,
y	y,
harta	wealth,
model	model,
example	example,
nguni	past,
paus	pope,
proposed	diusulkeun,
photo	photo,
laptop	laptop,
pasca	pasca,
tempatna	its place,
infrastruktur	infrastructure,
konstitusional	constitutional,
pankréas	pancreas,
touch	touch,
zoo	zoo,
speed	speed,
timur	east,
institusi	institution,
tulisan	writing,
ciduh	saliva,
mark	mark,
ngayakeun	to prepare,
killed	killed,
ayeuna	now,
kaleungitan	miss,
tipung	flour,
nato	nato,
ramatloka	website,
attracted	attracted,
saturation	saturation,
kertas	paper,
gods	gods,
papasangan	mate,
séntral	central,
kosong	empty,
matters	matters,
zimbabwe	zimbabwe,
environments	environments,
background	background,
immediately	immediately,
arah	way,
accepted	accepted,
prominent	prominent,
finnish	finnish,
inten	diamond,
baham	baham,
menara	tower,
chordata	chordates,
arthur	arthur,
yields	yields,
atiati	careful,
mirip	similar,
aktivitas	aktipitas,
become	become,
signal	signal,
dibandingkeun	compared to,
google	google,
tétrahédral	tetrahedral,
sequences	sequences,
begin	begin,
gravitasi	gravitation,
neil	neil,
konsentrasi	concentration,
elements	elements,
grup	group,
examples	example,
universes	universal history,
peter	peter,
diolah	processed,
brabham	brabham,
miheulaan	to go before,
gadung	similar edible tuber plants,
réproduksi	reproduction,
neundeun	store,
karinding	karinding,
civilization	civilization,
prof	professor,
nawarkeun	to offer,
bd	bd,
turkey	tukey,
panungtungan	the last,
who	nu,
sunan	sunan,
béda	different,
tiori	theory,
jahat	evil,
continuing	continuing,
arts	arts,
misalna	for example,
purah	worker,
leyuran	solution,
lampu	lamp,
tanah	land,
br	br,
mémbran	membrane,
gerakan	move,
cgs	cgs,
kapaké	used,
nyebarkeun	spread,
stage	stage,
translator	translator,
pakéan	clothes,
pangpentingna	foremost,
cangkok	graft,
extension	extension,
stations	stations,
aci	starch,
antibodi	antibody,
génom	genome,
dinding	wall,
jayagiri	jayagiri,
concentrations	concentrations,
kakuatan	kakuatan,
bisa	can,
berger	berger,
client	client,
integral	integral,
down	down,
bjt	bipolar junction transistor,
rising	rising,
diala	got,
kimiawan	chemist,
ambek	angry,
besar	big,
transduksi	transduction,
sesa	sésa,
rely	rely,
multisélular	multiselular,
kawi	kawi,
hidayat	hidayat,
disambungkeun	connected,
pronunciation	cara ngucapkeun sora basa,
clinical	clinical,
sakolasakola	schools,
jalma	reincarnate,
liang	hole,
heritage	heritage,
condong	to tend,
dayana	resource,
bibit	seed,
kawilang	kawilang,
panglegana	panglegana,
robah	to change,
dikaluarkeun	dikaluarkeun,
forming	wujud,
lilana	long,
hungkul	reproduction,
sekundér	secondary,
ruksak	damaged,
mikeun	leave,
désémber	désémbér,
bénzéna	benzene,
utc	utc,
msc	mobile switching center (msc),
smooth	smooth,
maximum	maximum,
historically	historically,
madu	honey,
°	darajat,
mesir	egypt,
dibeulah	splitted,
simeut	grasshopper,
agree	agree,
sieun	fear,
tahap	phase,stage,
naek	up,
proved	i know sundanese language,
adults	adults,
computing	komputasi,
suluh	fuel,
deer	deer,
continued	teterusan,
sékrési	secrecy,
leungeun	hand,
éropa	europe,
view	view,
sawatara	sawatara,
mikropon	microphone,
distributions	distributions,
cacak	even though,
tahan	i know sundanese language,
tentara	soldadu,
betawi	betawi,
kiamat	doom,
alatan	because,
ngawanohkeun	be given,
variety	variety,
balap	racing,
são	sao,
dissolved	dissolved,
babi	babi,
teratur	regular,
genome	genom,
nukleus	nucleus,
dipikabutuh	required,
kategori	category,
ngaladénan	serve,
nirkabel	wireless,
arithmetic	arithmetic,
juni	june,
picture	picture,
repeat	ulangi,
theravada	theravada,
ventrikel	ventricular,
felt	felt,
majalengka	majalengka,
replace	replace,
monyét	monkey,
homolog	homolog,
habibie	habibie,
jeddah	jeddah,
remote	remote,
longer	longer,
blogs	blog-blog,
vehicles	tumpakan,
dvb	dvb,
kompléks	complex,
portion	bagian,
dilapadkeun	said,
time	time,
uterus	uterus,
