kérsen	,cherry,kersen,cherries,jamaica cherry,singapore cherry,abkhazia
alkéna	alkenes,,a few,alkena,few
listrik	very,listrik,the most,itself
galura	,europe,deck,ocean,galura,way,wave,transformation
kalori	,saratov,calori
gula	,gula,writing,l'mcbmehhoctb,written language
balok	,berm,somebody,wooden block,block
uteuk	,to,peasant,uteuk
spéktroskopi	,europe,spectroscope,spéktroskopi,spectroscopic,spektroscope
burih	,innards,gizzards,increase,viscera,burih,crop,offal
curug	,relativity,curug
antioksidan	antioksidan,europa,europe,antioxidants,antioxidan
titinggi	,guitarist,high,chilognatha,titinggi,highest,temple
sireum	,finnish,sireum
kriolit	,federal,chlorite,kryolit,cryiolit
hoé	,bamboo,hoe,girls
béntang	,training,béntang,interval,range,animal,bentang,cant understand
landak	porcupine,,nothern,northern,hedgehog
éléktrokimia	,total,electrochemical,elektrokimia,general
lemak	north,northern,gajih,fa,suet,south
késang	behind,contains added flavour.,késang,after,transpiration
prasasti	epigraph,,weapons
tando	,tando (galeopterus variegatus),illness,diseases,tando,tando (animal class cynocephalidae),lemur,tando(animal class cynocephalidae),tando(cynocephalidae),illnesses,cat,galeopterus variegatus,tando(fitch),tando(animal),sign,flying lemur,character
chordata	,chordates,armenians,armenian
péntosa	,pentosa,in order to,that
polisakarida	,strong,polisakarida
alkuna	,alkene,alkunes,alkune,alkanes,alkuna,saturn
ampibi	,amphibious,class of animal,budget,amphibia,ampibi
perméabilitas	,permaebility,work,perméabilitas
antipartikel	antiparticles,power,antipartikel,governance,anti-particle,authority
manuk	city,manuk
pindah	,to move,moving on,power,nutrition,i know sundanese language,move,plane,moving,supply
gravitasi	,themselves,them
hidrogén	,small,hidrogen
warna	training,plane,education,cant understand
barométer	,weapon
menit	menit,itself,him,themselves
fosil	,mnerals,mineral
éster	,a,get
selulosa	,c,well-known,famous,selulose,sellulose
kertas	,figures
tangkorak	skul,electronic,tangkorak,cranium
kuman	kuman,structure
sirah	sirah,,four
awan	could,noticeably
suhu	,internet
métabolisme	following,subsequent
aldehida	,emperor's,emperor,imperial
makromolekul	,macromolecul,macromolecules,to,macro molecule,sikiö,macromolucule,small,macro molecules
babakaur	,babakaur,an animal type,babakaur (animal),species of animal,scorpion,babakaur (animal class chilopoda),digital,house centipede,to multiply
biologi	,biologists,biologi,ebpo,euro
laktosa	,link,laktosa
moméntum	,other
aci	,walls,tapioca flour
ati	,heart,account,calculation,ati,as a word, ati may refer to: ati, a town in chad ati, a negrito ethnic group in the philippines ati-atihan festival, an annual celebration held in the philippines ati, a queen of the fabled land of punt in africa maha ati, one of the nine subdivisions of buddhist tantra in the nyingma school,lever
cocopét	,cocopet,cockroach,cocopét,other,chinch,chelisoches
teluk	,applied
tekenan	,picture,tekenan,well-known,indication,known,sign
és	,very rare,is,és,players,es
surélék	,surélék,surelek,back,letter,bekob,electronic letter (email)
vertebrata	,leluhur,show
spérma	sperm,,are divided,divide
kubes	,cubes,beam,length,cubus,extent,cabbage
peusing	,stink (urine),scaly animal,food,peusing,left behind,stinky (urine),dizziness,left
téhnologi	,romanovs,romanoff,technolgy,romanov,téhnologi
tumbila	,purchases,tumbila,purchase,cimex lectularius,tumbila(cimex lectularius),a type of insect,insect,tumbila (cimex lectularius),tumbila (cimex lectularius))
walirang	,sulfide/sulfate,profound,deep,walirang,wallirang
fértilisasi	,separate
sora	,i know sundanese language,sora,vote,originates,loud,comes from
lini	,line,earthquakes,lini,than
féromon	,acts,feromon,actions,pheromones; pheromone,féromon
pangan	,science,pangan
gebang	heavy,,gebang(palm),gebang,coconut palm,palm tree,gate,gebang palm,gebang (palm)
pulo	,science,pulai,juno
muncang	,candle nut,muncang,vacation,rest,hazelnut,hanzelnut
élmu	,electronic,knowledge,elmu
baktéri	microba,account,ongoing,baktéri,for account of
purwakanti	,purwakanthi,vertebrate,poetry,purwakanti,science,assonance,assonance; alliteration;,sundanese music
éléktromagnétisme	,electromagnetisme,states,statuses,electromagnet
huntu	status,state,location
hateup	,hateup,deficit
réptil	amphibious,minsk,reptil is a character from marvel comics. he is best known as a supporting member on the super hero squad show and a member of avengers academy in the comics.,réptil
uap	saab,structure
hirup	,suck,state,live,hirup
cacai	,happen,cacai,occur
tai	,wood,one,dirt
incuing	,grandson,incuing(bird),yellow-billed cuckoo,incuing,incuing (kind of bird),uncuing,grandchild,african,type of bird,cacomantis sepulcralis
séng	,business,seng,séng,which,cant understand
panas	,gennadiy,gennady,panas,calorie,calory
téktonik	,famous,known,téktonik
sato	,sato,recently,unit,cant understand
éléktroforésis	,éléktroforésis,electrphoresis,northern
beurit	,beurit,stomach,structure,cant understand
fétus	,recognize,recognized,sikiö,admit,fetal
tarum	,hourly,indigo,tarum,the time zone, watch,tarum(indigo),time,tarum (indigo),plant names,indigofera tinctoria
akselerasi	,science,acelerate
astrofisika	,astrofisika,timur,astrophysic
baranahan	,to multiply,breed,barabahan invertebrate organism,little, small,kind of animal,multiply,small
éléktron	,authorities,elektron,authority, power, regime,authority
papatong	,papatong,dargonfly,overlap,element,allowed
sagara	headland,existing,every,the presence of,presence
frékuénsi	,weapons,weapon,frekuency,frékuénsi
hidrolisis	hydrolisis,hidrolisis,principality,principalities
