limited	limited,
didasarkeun	based on,
diukir	carved,
amplifier	amplifier,
hese	difficult,
nabla^	nabla^,
supplement	supplement,
identify	identify,
minora	minora,
differs	differs,
lessons	lessons,
dihartikeun	means,
computers	computers,
young	young,
satuan	unit,
should	should,
républik	republic,
kapercayaan	religius,
nampa	received,
maranéhna	them,
salawasna	real,
yo	yo,
rules	rules,
grand	grand,
infrabeureum	infrared,
band	band,
ticket	ticket,
developments	developments,
anapsid	anapsid,
airports	airports,
pallawa	pallawa,
éjahan	spelling,
polisakarida	polysaccharide,
toroidal	toroidal,
dalapan	eight,
gprs	general packet radio service,
reactions	reactions,
charter	charter,
alfa	alfa,
pangbadagna	largest,
dérét	row,
close	close,
pandawa	pandavas,
kategorigéografi	category geography,
transduksi	transduction,
madura	madura,
exploited	exploited,
capacity	capacity,
ngajual	sell,
re	re,
shows	shows,
fiber	fiber,
disputed	disputed,
daék	want to,
komplek	complex,
ju	ju,
never	never,
drives	drives,
kabudayaan	culture,
cities	cities,
repeating	repeating,
about	about,
sejenna	etc,
saha	saha,
involved	involved,
ganti	change,
similarly	similarly,
kurang	less than,
ati	liver,
biosfir	biosphere,
plus	plus,
murwa	murwa,
tos	after,
dituluykeun	continue,
baltic	baltic,
argue	argue,
wiki	wiki,
color	color,
wikipédia	wikipedia,
botani	botany,
electronic	electronic,
george	george,
rely	rely,
america	america,
nincak	step,
demak	demak,
west	west,
jukut	grass,
passed	passed,
until	until,
shifted	shifted,
démografi	demography,
sosiologi	sociology,
perenah	location,
panumpang	passenger,
forming	forming,
georgian	georgian,
yahudi	jewish,
katelah	famous,
alat	tool,
systematic	systematic,
uni	uni,
poténsi	potential,
beh	side,
sayur	vegetable,
ekonomi	economy,
car	car,
appearance	appearance,
panyungsi	browser,
publications	publications,
mythology	mythology,
paralysis	paralysis,
neruskeun	continue,
sudut	corner,
telephony	telephony,
diajarkeun	be taught,
sell	sell,
sami	same,
lila	for a long time,
fisiologi	physiology,
dikirimkeun	emitted,
nampik	reject,
lantaran	because,
pangawasa	controller,
developers	developers,
sering	usually,
romanisasi	romanization,
higher	higher,
profile	profile,
brazil	brazil,
currencies	currencies,
tokoh	staring,
symbol	symbol,
panggedéna	the largest,
orbits	orbits,
collection	collection,
pupujian	praise,
tatabasa	grammar,
attributes	attributes,
multiplication	multiplication,
pakait	hook,
atas	high,
homolog	homolog,
guaran	guarani,
man	man,
panungtung	last,
coupling	coupling,
potato	potato,
academic	academic,
leone	leone,
