alkéna	alkene,alkéna
listrik	electricity
galura	turbulence,surge
kalori	calorie,calories,kalori,calory
gula	sugat,sugar
balok	beam,cube
uteuk	brain,mind
spéktroskopi	spectroscopy
burih	stomatch,stomach
curug	waterfall
antioksidan	antioxydant,antioxidant,anti oxidants
titinggi	millipede
sireum	ant,ants
kriolit	cryolite,kriolit,cryolit
hoé	rattan
béntang	star,star(s)
éléktrokimia	éléktrokimia,electrochemistry
lemak	tallow,fat
késang	perspiration,prespiration,sweat
prasasti	inscription,stele,inscriptio
tando	a kind of cat,bat,colugo
chordata	chordate,chordata
péntosa	pentose,péntosa
polisakarida	polysaccharide
alkuna	alkyne
ampibi	amphibian
perméabilitas	permeabilitas,permeability
antipartikel	antiparticle,anti particle
manuk	bird
gravitasi	gravitation,gravity
hidrogén	hydrogen
warna	color,colour
barométer	barométer,barometer
menit	minutes,minute
fosil	fossil
éster	ester,esters
selulosa	selulosa,cellulose
kertas	paper
tangkorak	bone,skull
kuman	bacteria,germ
sirah	head
awan	clouds,cloud
suhu	temperature
métabolisme	metabolism
aldehida	aldehida,adelhyde,aldehyde
makromolekul	macromolecule
babakaur	centipede,babakaur (kind of chilopoda animal),animal one kind,millipede
biologi	biology
laktosa	lactose
moméntum	momentum
aci	starch
ati	liver
cocopét	earwig,cocopet (animal class dermaptera),bedbug
teluk	lake,bay
tekenan	tension,draw,pressure
és	ice
surélék	electronic mail,e-mail,email
vertebrata	vertebrata,vertebrate
spérma	sperma
kubes	kubes,cube
peusing	pangolin
téhnologi	technology
tumbila	bed bug,bedbug,tumbila (cimex lectularius inspect),lice
walirang	sulfur,sulphur,zinc
fértilisasi	fertilisation,fertilization
sora	sound,voice,noice
lini	earthquake,quake
féromon	pheromone
pangan	food
gebang	palm
pulo	island,islands
muncang	candlenut,pecan
élmu	science,élmu
baktéri	bactory,bakeri,bacterium,bactery,bacterial,bacteria
purwakanti	alliteration
éléktromagnétisme	elektromagnetism,electromagnetism
huntu	tooth,teeth
hateup	roof
réptil	reptile
uap	vapor,steam
hirup	breathe,life
cacai	water,fluid,liquid
tai	feces,faeces,shit,feses
incuing	cuckoo
séng	zinc
panas	hot,heat
téktonik	tectonics,tectonic
sato	wise,animal
éléktroforésis	electrophoresis,elektoforesis,electrophorecys
beurit	rat,mouse
fétus	fétus,fetus
tarum	the water leaves the plant names containing indigo,indigofera
akselerasi	acceleration,akselerasi
astrofisika	astrophysics
baranahan	reproduce,proliferate,biological reproduction,reproduction
éléktron	electron
papatong	dragonfly
sagara	​​sea,lake,sea,ocean
frékuénsi	frequency
hidrolisis	hydrolysis
